// Vitest Snapshot v1, https://vitest.dev/guide/snapshot.html

exports[`analyticsEvents barrel > snapshot of exported event keys 1`] = `
[
  "ADMIN_ACTIVITY_FEED_DIAG",
  "ADMIN_CONFIG_VIEWED",
  "ADMIN_MODERATION_UPDATED",
  "EVT_ACCOUNT_DELETED",
  "EVT_ACTIVITY_REMINDER_CLICKED",
  "EVT_ACTIVITY_REMINDER_SHOWN",
  "EVT_APP_VERSION_ACTIVE",
  "EVT_BENEFITS_SCREEN_CONTINUE",
  "EVT_BENEFITS_SCREEN_SHOWN",
  "EVT_BUSINESS_DETAIL_CTA_CLICKED",
  "EVT_BUSINESS_DETAIL_OPENED",
  "EVT_BUSINESS_DETAIL_TAB_CHANGED",
  "EVT_BUSINESS_SHEET_CACHE_HIT",
  "EVT_BUSINESS_SHEET_PHASE1_MS",
  "EVT_BUSINESS_SHEET_PHASE2_MS",
  "EVT_BUSINESS_SHEET_TAB_CHANGED",
  "EVT_DIGEST_CTA_TAPPED",
  "EVT_DIGEST_FREQUENCY_CHANGED",
  "EVT_DIGEST_ITEM_TAPPED",
  "EVT_DIGEST_SECTION_VIEWED",
  "EVT_FEED_ITEM_CLICKED",
  "EVT_FEED_VIEWED",
  "EVT_FOLLOW",
  "EVT_FORCE_UPDATE_LIMIT_REACHED",
  "EVT_FORCE_UPDATE_TRIGGERED",
  "EVT_INTERESTS_BUSINESS_TAPPED",
  "EVT_INTERESTS_CTA_TAPPED",
  "EVT_INTERESTS_SECTION_VIEWED",
  "EVT_INTERESTS_SUGGESTED_TAPPED",
  "EVT_LIST_ICON_CHANGED",
  "EVT_MAP_LOAD_FAILED",
  "EVT_OFFLINE_ACTION_DISCARDED",
  "EVT_OFFLINE_ACTION_QUEUED",
  "EVT_OFFLINE_SYNC_COMPLETED",
  "EVT_OFFLINE_SYNC_FAILED",
  "EVT_ONBOARDING_BANNER_CLICKED",
  "EVT_ONBOARDING_BANNER_DISMISSED",
  "EVT_ONBOARDING_BANNER_SHOWN",
  "EVT_RANKINGS_ZONE_FILTER",
  "EVT_RATING_PROMPT_CLICKED",
  "EVT_RATING_PROMPT_CONVERTED",
  "EVT_RATING_PROMPT_DISMISSED",
  "EVT_RATING_PROMPT_SHOWN",
  "EVT_RECOMMENDATION_LIST_VIEWED",
  "EVT_RECOMMENDATION_OPENED",
  "EVT_RECOMMENDATION_SENT",
  "EVT_SUB_TAB_SWITCHED",
  "EVT_TAB_SWITCHED",
  "EVT_TAG_FOLLOWED",
  "EVT_TAG_UNFOLLOWED",
  "EVT_TRENDING_BUSINESS_CLICKED",
  "EVT_TRENDING_NEAR_CONFIGURE_TAPPED",
  "EVT_TRENDING_NEAR_TAPPED",
  "EVT_TRENDING_NEAR_VIEWED",
  "EVT_TRENDING_VIEWED",
  "EVT_UNFOLLOW",
  "EVT_VERIFICATION_NUDGE_DISMISSED",
  "EVT_VERIFICATION_NUDGE_RESEND",
  "EVT_VERIFICATION_NUDGE_SHOWN",
]
`;
